// Jest Snapshot v1, https://goo.gl/fbAQLP

exports[`getCodeMetrics should return the right metrics for apps 1`] = `
[
  "alert_status",
  "ncloc",
  "software_quality_security_issues",
  "software_quality_reliability_issues",
  "software_quality_maintainability_issues",
  "vulnerabilities",
  "bugs",
  "code_smells",
  "security_hotspots",
  "coverage",
  "duplicated_lines_density",
]
`;

exports[`getCodeMetrics should return the right metrics for portfolios 1`] = `
[
  "releasability_rating",
  "new_security_rating",
  "new_software_quality_security_rating",
  "new_reliability_rating",
  "new_software_quality_reliability_rating",
  "new_maintainability_rating",
  "new_software_quality_maintainability_rating",
  "new_security_review_rating",
  "new_lines",
  "releasability_rating",
  "security_rating",
  "software_quality_security_rating",
  "reliability_rating",
  "software_quality_reliability_rating",
  "sqale_rating",
  "software_quality_maintainability_rating",
  "security_review_rating",
  "ncloc",
]
`;

exports[`getCodeMetrics should return the right metrics for portfolios 2`] = `
[
  "releasability_rating",
  "new_security_rating",
  "new_software_quality_security_rating",
  "new_reliability_rating",
  "new_software_quality_reliability_rating",
  "new_maintainability_rating",
  "new_software_quality_maintainability_rating",
  "new_security_review_rating",
  "new_lines",
  "releasability_rating",
  "security_rating",
  "software_quality_security_rating",
  "reliability_rating",
  "software_quality_reliability_rating",
  "sqale_rating",
  "software_quality_maintainability_rating",
  "security_review_rating",
  "ncloc",
  "alert_status",
]
`;

exports[`getCodeMetrics should return the right metrics for portfolios 3`] = `
[
  "releasability_rating",
  "new_security_rating",
  "new_software_quality_security_rating",
  "new_reliability_rating",
  "new_software_quality_reliability_rating",
  "new_maintainability_rating",
  "new_software_quality_maintainability_rating",
  "new_security_review_rating",
  "new_lines",
  "alert_status",
]
`;

exports[`getCodeMetrics should return the right metrics for portfolios 4`] = `
[
  "releasability_rating",
  "security_rating",
  "software_quality_security_rating",
  "reliability_rating",
  "software_quality_reliability_rating",
  "sqale_rating",
  "software_quality_maintainability_rating",
  "security_review_rating",
  "ncloc",
  "alert_status",
]
`;

exports[`getCodeMetrics should return the right metrics for projects 1`] = `
[
  "ncloc",
  "software_quality_security_issues",
  "software_quality_reliability_issues",
  "software_quality_maintainability_issues",
  "vulnerabilities",
  "bugs",
  "code_smells",
  "security_hotspots",
  "coverage",
  "duplicated_lines_density",
]
`;

exports[`getCodeMetrics should return the right metrics for projects 2`] = `
[
  "new_lines",
  "software_quality_security_issues",
  "software_quality_reliability_issues",
  "software_quality_maintainability_issues",
  "vulnerabilities",
  "bugs",
  "code_smells",
  "security_hotspots",
  "new_coverage",
  "new_duplicated_lines_density",
]
`;
