// Jest Snapshot v1, https://goo.gl/fbAQLP

exports[`should render correctly 1`] = `
.emotion-0 {
  fill: rgb(93,108,208);
}

.emotion-2 {
  font: var(--echoes-typography-text-default-regular);
  fill: var(--echoes-color-text-subdued);
}

.e4r8l5e2 .emotion-2 {
  fill: rgb(255,255,255);
}

<div>
  <svg
    height="100"
    width="260"
  >
    <g
      transform="translate(0, 0)"
    >
      <g>
        <g>
          <rect
            class="emotion-0 emotion-1"
            height="10"
            width="121"
            x="80"
            y="13"
          />
          <text
            aria-describedby="tooltip-1"
            class="emotion-2 emotion-3"
            dx="1em"
            dy="0.3em"
            text-anchor="start"
            x="200"
            y="18"
          >
            1.7short_number_suffix.k
          </text>
          <text
            class="emotion-2 emotion-3"
            dx="0"
            dy="0.3em"
            text-anchor="start"
            x="0"
            y="18"
          >
            Java
          </text>
        </g>
        <g>
          <rect
            class="emotion-0 emotion-1"
            height="10"
            width="59"
            x="80"
            y="38"
          />
          <text
            class="emotion-2 emotion-3"
            dx="1em"
            dy="0.3em"
            text-anchor="start"
            x="138.47750865051904"
            y="43"
          >
            845
          </text>
          <text
            class="emotion-2 emotion-3"
            dx="0"
            dy="0.3em"
            text-anchor="start"
            x="0"
            y="43"
          >
            JavaScript
          </text>
        </g>
        <g>
          <rect
            class="emotion-0 emotion-1"
            height="10"
            width="6"
            x="80"
            y="63"
          />
          <text
            class="emotion-2 emotion-3"
            dx="1em"
            dy="0.3em"
            text-anchor="start"
            x="85.05190311418686"
            y="68"
          >
            73
          </text>
          <text
            class="emotion-2 emotion-3"
            dx="0"
            dy="0.3em"
            text-anchor="start"
            x="0"
            y="68"
          >
            cpp
          </text>
        </g>
        <g>
          <rect
            class="emotion-0 emotion-1"
            height="10"
            width="2"
            x="80"
            y="88"
          />
          <text
            class="emotion-2 emotion-3"
            dx="1em"
            dy="0.3em"
            text-anchor="start"
            x="81.03806228373702"
            y="93"
          >
            15
          </text>
          <text
            class="emotion-2 emotion-3"
            dx="0"
            dy="0.3em"
            text-anchor="start"
            x="0"
            y="93"
          >
            unknown
          </text>
        </g>
      </g>
    </g>
  </svg>
</div>
`;
