// Jest Snapshot v1, https://goo.gl/fbAQLP

exports[`should apply diff view correctly: differenciatedCode 1`] = `
HTMLCollection [
  <pre
    class="code-difference-scrollable"
  >
    <div
      class="code-difference-container"
    >
      public void endpoint(HttpServletRequest request, HttpServletResponse response) throws IOException
{
    String data        = request.getParameter("input");
    PrintWriter writer = response.getWriter();


      <div
        class="code-removed"
      >
            writer.print(data); // Noncompliant

      </div>
      }

    </div>
  </pre>,
  <pre
    class="code-difference-scrollable"
  >
    <div
      class="code-difference-container"
    >
      <div
        class="code-added"
      >
        import org.owasp.encoder.Encode;


      </div>
      public void endpoint(HttpServletRequest request, HttpServletResponse response) throws IOException
{
    String data        = request.getParameter("input");
    PrintWriter writer = response.getWriter();


      <div
        class="code-added"
      >
            writer.print(Encode.forHtml(data));

      </div>
      }

    </div>
  </pre>,
]
`;
