// Jest Snapshot v1, https://goo.gl/fbAQLP

exports[`should render with correct styling 1`] = `
.emotion-0 {
  display: grid;
  grid-template-rows: auto;
  grid-template-columns: var(--columns);
  -webkit-align-items: center;
  -webkit-box-align: center;
  -ms-flex-align: center;
  align-items: center;
  font: var(--echoes-typography-code-default);
}

<tbody>
  <tr
    class="emotion-0 emotion-1"
    style="--columns: 44px 50px 26px repeat(3, 6px) 1fr; --line-background: rgb(255,255,255);"
  />
</tbody>
`;
