// Jest Snapshot v1, https://goo.gl/fbAQLP

exports[`[Function isPortfolioLike] should work properly 1`] = `
{
  "APP": false,
  "BRC": false,
  "DEV": false,
  "DIR": false,
  "FIL": false,
  "SVW": true,
  "TRK": false,
  "UTS": false,
  "VW": true,
}
`;
