// Jest Snapshot v1, https://goo.gl/fbAQLP

exports[`groupByDomains should correctly group by domains 1`] = `
[
  {
    "measures": [
      {
        "leak": "70",
        "metric": {
          "domain": "Coverage",
          "id": "1",
          "key": "lines_to_cover",
          "name": "Lines to Cover",
          "type": "INT",
        },
        "period": {
          "index": 1,
          "value": "70",
        },
        "value": "431",
      },
      {
        "leak": "0.0999999999999943",
        "metric": {
          "domain": "Coverage",
          "id": "2",
          "key": "coverage",
          "name": "Coverage",
          "type": "PERCENT",
        },
        "period": {
          "index": 1,
          "value": "0.0999999999999943",
        },
        "value": "99.3",
      },
    ],
    "name": "Coverage",
  },
  {
    "measures": [
      {
        "leak": "0.0",
        "metric": {
          "domain": "Duplications",
          "id": "3",
          "key": "duplicated_lines_density",
          "name": "Duplicated Lines (%)",
          "type": "PERCENT",
        },
        "period": {
          "index": 1,
          "value": "0.0",
        },
        "value": "3.2",
      },
    ],
    "name": "Duplications",
  },
]
`;

exports[`sortMeasures should sort based on the config 1`] = `
[
  {
    "metric": {
      "key": "new_bugs",
      "name": "New bugs",
      "type": "INT",
    },
  },
  {
    "metric": {
      "key": "new_reliability_remediation_effort",
      "name": "Bugs",
      "type": "INT",
    },
  },
  "overall_category",
  {
    "metric": {
      "key": "bugs",
      "name": "Bugs",
      "type": "INT",
    },
  },
  {
    "metric": {
      "key": "reliability_remediation_effort",
      "name": "New bugs",
      "type": "INT",
    },
  },
]
`;
