// Jest Snapshot v1, https://goo.gl/fbAQLP

exports[`should render correctly and stop event propagation 1`] = `
.emotion-0 {
  color: var(--color);
  border-bottom: var(--border);
  font-weight: 600;
  text-decoration-line: none;
  --color: rgb(93,108,208);
  --active: rgb(75,86,187);
  --border: 1px solid rgb(159,169,237);
  --borderActive: 1px solid rgb(159,169,237);
}

.emotion-0:visited {
  color: var(--color);
}

.emotion-0:hover,
.emotion-0:focus,
.emotion-0:active {
  color: var(--active);
  border-bottom: var(--borderActive);
}

.emotion-0:hover .emotion-10,
.emotion-0:focus .emotion-10,
.emotion-0:active .emotion-10 {
  color: rgb(123,135,217);
}

.emotion-0>svg {
  vertical-align: text-bottom!important;
}

.e4r8l5e0 .emotion-0 {
  --color: rgb(189,198,255);
  --active: rgb(209,215,254);
  --border: 1px solid rgb(159,169,237);
  --borderActive: 1px solid rgb(159,169,237);
}

.emotion-2 {
  color: rgb(159,169,237);
}

<div>
  <div
    class="sw-typo-default sw-w-[190px]"
  >
    <p>
      indexation.page_unavailable.description
       
      indexation.filter_unavailable.description
    </p>
    <hr
      class="sw-mx-0 sw-my-3 sw-p-0 sw-w-full"
    />
    <span
      class="sw-typo-semibold"
    >
      indexation.learn_more
    </span>
    <a
      class="sw-ml-1 emotion-0 emotion-1"
      href="https://docs.sonarsource.com/sonarqube/latest/server-upgrade-and-maintenance/maintenance/reindexing/"
      rel="noopener noreferrer"
      target="_blank"
    >
      indexation.reindexing
      <svg
        aria-hidden="true"
        class="sw-ml-1 emotion-2 emotion-10"
        fill="currentColor"
        focusable="false"
        height="16"
        style="display: inline-block; user-select: none; vertical-align: middle; overflow: visible;"
        viewBox="0 0 16 16"
        width="16"
      >
        <path
          d="M3.75 2h3.5a.75.75 0 0 1 0 1.5h-3.5a.25.25 0 0 0-.25.25v8.5c0 .138.112.25.25.25h8.5a.25.25 0 0 0 .25-.25v-3.5a.75.75 0 0 1 1.5 0v3.5A1.75 1.75 0 0 1 12.25 14h-8.5A1.75 1.75 0 0 1 2 12.25v-8.5C2 2.784 2.784 2 3.75 2Zm6.854-1h4.146a.25.25 0 0 1 .25.25v4.146a.25.25 0 0 1-.427.177L13.03 4.03 9.28 7.78a.751.751 0 0 1-1.042-.018.751.751 0 0 1-.018-1.042l3.75-3.75-1.543-1.543A.25.25 0 0 1 10.604 1Z"
        />
      </svg>
    </a>
  </div>
</div>
`;
