// Jest Snapshot v1, https://goo.gl/fbAQLP

exports[`should render community edition (variant connected false) correctly 1`] = `
<div>
  <svg
    aria-hidden="true"
    fill="none"
    height="98"
    viewBox="0 0 179 98"
    width="179"
    xmlns="http://www.w3.org/2000/svg"
  >
    <path
      d="M35.076 27H80.745L64.703 97H16C7.716 97 1 90.284 1 82V42c0-8.284 6.716-15 15-15h19.076Z"
      stroke="var(--echoes-color-border-weak)"
      stroke-width="2"
    />
    <path
      d="M56.55 64.34c0 1.08-1.23 1.71-2.1 1.08-.96-.72-1.56-1.86-2.04-2.76-.66-1.26-1.14-2.01-1.74-2.01-.6 0-1.05.75-1.74 2.01-.78 1.47-1.86 3.48-4.14 3.48-2.28 0-3.36-2.01-4.14-3.48-.66-1.26-1.11-2.01-1.74-2.01-.63 0-1.05.75-1.71 2.01-.78 1.47-1.86 3.48-4.14 3.48-2.28 0-3.36-2.01-4.14-3.48-.66-1.26-1.11-2.01-1.71-2.01-.6 0-1.05.75-1.71 2.01-.78 1.47-1.86 3.48-4.14 3.48-2.28 0-3.36-2.01-4.14-3.48-.48-.87-.84-1.53-1.2-1.83-.3-.24-.51-.57-.51-.96v-.21c0-1.08 1.23-1.71 2.1-1.08.96.72 1.56 1.86 2.04 2.76.66 1.26 1.11 2.01 1.71 2.01.6 0 1.05-.75 1.71-2.01.78-1.47 1.86-3.48 4.14-3.48 2.28 0 3.36 2.01 4.14 3.48.66 1.26 1.11 2.01 1.74 2.01.63 0 1.05-.75 1.71-2.01.78-1.47 1.86-3.48 4.14-3.48 2.28 0 3.36 2.01 4.14 3.48.66 1.26 1.11 2.01 1.74 2.01.63 0 1.05-.75 1.74-2.01.78-1.47 1.86-3.48 4.14-3.48 2.28 0 3.36 2.01 4.14 3.48.48.87.84 1.53 1.23 1.83.3.24.51.57.51.96v.21h-.03ZM36.36 83.18c-4.95 0-9.66-1.71-13.47-4.83-.6-.51-.66-1.44-.12-2.01.51-.54 1.32-.57 1.86-.12 3.42 2.85 7.71 4.32 12.21 4.2 4.5-.12 8.7-1.83 11.97-4.83.54-.48 1.35-.48 1.86 0 .57.54.57 1.47 0 2.01-3.75 3.48-8.61 5.43-13.77 5.58h-.57.03ZM22.05 48.41c-.57-.54-.57-1.47 0-2.01 3.87-3.57 8.79-5.43 13.77-5.55 4.98-.12 9.96 1.47 14.04 4.83.6.51.66 1.44.12 2.01-.51.51-1.32.57-1.86.12-3.51-2.88-7.8-4.29-12.09-4.2-4.29.09-8.67 1.71-12.09 4.83-.54.48-1.35.48-1.86 0l-.03-.03Z"
      fill="var(--echoes-logos-colors-brand)"
    />
    <path
      d="M90.32 63.612h5.233v1.632H90.32V70.5h-1.632v-5.256h-5.232v-1.632h5.232v-5.256h1.632v5.256Z"
      fill="var(--echoes-color-text-subdued)"
    />
    <path
      d="M143.924 97H98.255l16.042-70H163c8.284 0 15 6.716 15 15v40c0 8.284-6.716 15-15 15h-19.076Z"
      stroke="var(--echoes-color-border-weak)"
      stroke-width="2"
    />
    <path
      d="M165.448 62.552A1.55 1.55 0 0 1 163.897 61c0-11.524-9.373-20.897-20.897-20.897a1.55 1.55 0 0 1-1.552-1.551A1.55 1.55 0 0 1 143 37c13.231 0 24 10.769 24 24a1.55 1.55 0 0 1-1.552 1.552ZM143 85c-13.231 0-24-10.769-24-24a1.55 1.55 0 0 1 1.552-1.552A1.55 1.55 0 0 1 122.103 61c0 11.524 9.373 20.897 20.897 20.897a1.55 1.55 0 0 1 1.552 1.551A1.55 1.55 0 0 1 143 85Z"
      fill="var(--echoes-logos-colors-brand)"
    />
    <path
      d="M157.586 62.552A1.55 1.55 0 0 1 156.034 61c0-7.19-5.844-13.035-13.034-13.035a1.55 1.55 0 0 1-1.552-1.551A1.55 1.55 0 0 1 143 44.862c8.897 0 16.138 7.241 16.138 16.138a1.55 1.55 0 0 1-1.552 1.552ZM143 77.138c-8.897 0-16.138-7.242-16.138-16.138a1.55 1.55 0 0 1 1.552-1.552A1.55 1.55 0 0 1 129.966 61c0 7.19 5.844 13.034 13.034 13.034a1.55 1.55 0 0 1 1.552 1.552A1.55 1.55 0 0 1 143 77.138ZM143.021 69.286a8.252 8.252 0 0 1-5.855-2.42c-3.228-3.228-3.228-8.483 0-11.721a8.232 8.232 0 0 1 5.855-2.431c2.213 0 4.293.858 5.855 2.43.61.611.61 1.594 0 2.194-.61.61-1.593.61-2.193 0a5.133 5.133 0 0 0-3.662-1.52c-1.387 0-2.69.537-3.662 1.52a5.187 5.187 0 0 0 0 7.324 5.188 5.188 0 0 0 7.324 0c.61-.61 1.593-.61 2.193 0 .6.61.61 1.593 0 2.193a8.256 8.256 0 0 1-5.855 2.42v.011Z"
      fill="var(--echoes-logos-colors-brand)"
    />
  </svg>
</div>
`;

exports[`should render community edition (variant connected true) correctly 1`] = `
<div>
  <svg
    aria-hidden="true"
    fill="none"
    height="98"
    viewBox="0 0 179 98"
    width="179"
    xmlns="http://www.w3.org/2000/svg"
  >
    <path
      clip-rule="evenodd"
      d="M72.005 26h-50.01c-8.836 0-16 7.163-16 16v40c0 8.837 7.164 16 16 16h135c8.837 0 16-7.163 16-16V42c0-8.837-7.163-16-16-16h-57.4l-2 2h59.4c7.732 0 14 6.268 14 14v40c0 7.732-6.268 14-14 14h-135c-7.732 0-14-6.268-14-14V42c0-7.732 6.268-14 14-14h52.01l-2-2Z"
      fill="var(--echoes-color-icon-success)"
      fill-rule="evenodd"
    />
    <path
      d="M66.545 64.34c0 1.08-1.23 1.71-2.1 1.08-.96-.72-1.56-1.86-2.04-2.76-.66-1.26-1.14-2.01-1.74-2.01-.6 0-1.05.75-1.74 2.01-.78 1.47-1.86 3.48-4.14 3.48-2.28 0-3.36-2.01-4.14-3.48-.66-1.26-1.11-2.01-1.74-2.01-.63 0-1.05.75-1.71 2.01-.78 1.47-1.86 3.48-4.14 3.48-2.28 0-3.36-2.01-4.14-3.48-.66-1.26-1.11-2.01-1.71-2.01-.6 0-1.05.75-1.71 2.01-.78 1.47-1.86 3.48-4.14 3.48-2.28 0-3.36-2.01-4.14-3.48-.48-.87-.84-1.53-1.2-1.83-.3-.24-.51-.57-.51-.96v-.21c0-1.08 1.23-1.71 2.1-1.08.96.72 1.56 1.86 2.04 2.76.66 1.26 1.11 2.01 1.71 2.01.6 0 1.05-.75 1.71-2.01.78-1.47 1.86-3.48 4.14-3.48 2.28 0 3.36 2.01 4.14 3.48.66 1.26 1.11 2.01 1.74 2.01.63 0 1.05-.75 1.71-2.01.78-1.47 1.86-3.48 4.14-3.48 2.28 0 3.36 2.01 4.14 3.48.66 1.26 1.11 2.01 1.74 2.01.63 0 1.05-.75 1.74-2.01.78-1.47 1.86-3.48 4.14-3.48 2.28 0 3.36 2.01 4.14 3.48.48.87.84 1.53 1.23 1.83.3.24.51.57.51.96v.21h-.03ZM46.355 83.18c-4.95 0-9.66-1.71-13.47-4.83-.6-.51-.66-1.44-.12-2.01.51-.54 1.32-.57 1.86-.12 3.42 2.85 7.71 4.32 12.21 4.2 4.5-.12 8.7-1.83 11.97-4.83.54-.48 1.35-.48 1.86 0 .57.54.57 1.47 0 2.01-3.75 3.48-8.61 5.43-13.77 5.58h-.57.03ZM32.045 48.41c-.57-.54-.57-1.47 0-2.01 3.87-3.57 8.79-5.43 13.77-5.55 4.98-.12 9.96 1.47 14.04 4.83.6.51.66 1.44.12 2.01-.51.51-1.32.57-1.86.12-3.51-2.88-7.8-4.29-12.09-4.2-4.29.09-8.67 1.71-12.09 4.83-.54.48-1.35.48-1.86 0l-.03-.03Z"
      fill="var(--echoes-logos-colors-brand)"
    />
    <path
      d="M90.316 63.612h5.232v1.632h-5.232V70.5h-1.632v-5.256h-5.232v-1.632h5.232v-5.256h1.632v5.256Z"
      fill="var(--echoes-color-text-subdued)"
    />
    <path
      d="M155.444 63.552A1.55 1.55 0 0 1 153.892 62c0-11.524-9.373-20.897-20.897-20.897a1.55 1.55 0 0 1-1.551-1.551A1.55 1.55 0 0 1 132.995 38c13.231 0 24 10.769 24 24a1.55 1.55 0 0 1-1.551 1.552ZM132.995 86c-13.231 0-24-10.769-24-24a1.55 1.55 0 0 1 1.552-1.552A1.55 1.55 0 0 1 112.099 62c0 11.524 9.372 20.897 20.896 20.897a1.55 1.55 0 0 1 1.552 1.551A1.55 1.55 0 0 1 132.995 86Z"
      fill="var(--echoes-logos-colors-brand)"
    />
    <path
      d="M147.582 63.552A1.55 1.55 0 0 1 146.03 62c0-7.19-5.845-13.035-13.035-13.035a1.55 1.55 0 0 1-1.551-1.551 1.55 1.55 0 0 1 1.551-1.552c8.897 0 16.138 7.241 16.138 16.138a1.55 1.55 0 0 1-1.551 1.552ZM132.995 78.138c-8.896 0-16.138-7.242-16.138-16.138a1.55 1.55 0 0 1 1.552-1.552A1.55 1.55 0 0 1 119.961 62c0 7.19 5.845 13.034 13.034 13.034a1.55 1.55 0 0 1 1.552 1.552 1.55 1.55 0 0 1-1.552 1.552ZM133.016 70.286a8.254 8.254 0 0 1-5.855-2.42c-3.228-3.228-3.228-8.483 0-11.721a8.232 8.232 0 0 1 5.855-2.431 8.19 8.19 0 0 1 5.855 2.43c.61.611.61 1.594 0 2.194-.61.61-1.593.61-2.193 0a5.133 5.133 0 0 0-3.662-1.52c-1.386 0-2.69.537-3.662 1.52a5.189 5.189 0 0 0 0 7.324 5.188 5.188 0 0 0 7.324 0c.61-.61 1.593-.61 2.193 0 .6.61.61 1.593 0 2.193a8.254 8.254 0 0 1-5.855 2.42v.011Z"
      fill="var(--echoes-logos-colors-brand)"
    />
    <path
      d="M110.658 4.837a2.861 2.861 0 0 1 0 4.044L87.804 31.736a2.861 2.861 0 0 1-4.044 0L72.332 20.308a2.861 2.861 0 0 1 0-4.044 2.861 2.861 0 0 1 4.044 0l9.41 9.401 20.837-20.828a2.86 2.86 0 0 1 4.044 0h-.009Z"
      fill="var(--echoes-color-icon-success)"
    />
  </svg>
</div>
`;

exports[`should render enterprise edition (variant connected false) correctly 1`] = `
<div>
  <svg
    aria-hidden="true"
    fill="none"
    height="98"
    viewBox="0 0 179 98"
    width="179"
    xmlns="http://www.w3.org/2000/svg"
  >
    <path
      d="M35.076 27H80.745L64.703 97H16C7.716 97 1 90.284 1 82V42c0-8.284 6.716-15 15-15h19.076Z"
      stroke="var(--echoes-color-border-weak)"
      stroke-width="2"
    />
    <path
      d="M56.55 64.34c0 1.08-1.23 1.71-2.1 1.08-.96-.72-1.56-1.86-2.04-2.76-.66-1.26-1.14-2.01-1.74-2.01-.6 0-1.05.75-1.74 2.01-.78 1.47-1.86 3.48-4.14 3.48-2.28 0-3.36-2.01-4.14-3.48-.66-1.26-1.11-2.01-1.74-2.01-.63 0-1.05.75-1.71 2.01-.78 1.47-1.86 3.48-4.14 3.48-2.28 0-3.36-2.01-4.14-3.48-.66-1.26-1.11-2.01-1.71-2.01-.6 0-1.05.75-1.71 2.01-.78 1.47-1.86 3.48-4.14 3.48-2.28 0-3.36-2.01-4.14-3.48-.48-.87-.84-1.53-1.2-1.83-.3-.24-.51-.57-.51-.96v-.21c0-1.08 1.23-1.71 2.1-1.08.96.72 1.56 1.86 2.04 2.76.66 1.26 1.11 2.01 1.71 2.01.6 0 1.05-.75 1.71-2.01.78-1.47 1.86-3.48 4.14-3.48 2.28 0 3.36 2.01 4.14 3.48.66 1.26 1.11 2.01 1.74 2.01.63 0 1.05-.75 1.71-2.01.78-1.47 1.86-3.48 4.14-3.48 2.28 0 3.36 2.01 4.14 3.48.66 1.26 1.11 2.01 1.74 2.01.63 0 1.05-.75 1.74-2.01.78-1.47 1.86-3.48 4.14-3.48 2.28 0 3.36 2.01 4.14 3.48.48.87.84 1.53 1.23 1.83.3.24.51.57.51.96v.21h-.03ZM36.36 83.18c-4.95 0-9.66-1.71-13.47-4.83-.6-.51-.66-1.44-.12-2.01.51-.54 1.32-.57 1.86-.12 3.42 2.85 7.71 4.32 12.21 4.2 4.5-.12 8.7-1.83 11.97-4.83.54-.48 1.35-.48 1.86 0 .57.54.57 1.47 0 2.01-3.75 3.48-8.61 5.43-13.77 5.58h-.57.03ZM22.05 48.41c-.57-.54-.57-1.47 0-2.01 3.87-3.57 8.79-5.43 13.77-5.55 4.98-.12 9.96 1.47 14.04 4.83.6.51.66 1.44.12 2.01-.51.51-1.32.57-1.86.12-3.51-2.88-7.8-4.29-12.09-4.2-4.29.09-8.67 1.71-12.09 4.83-.54.48-1.35.48-1.86 0l-.03-.03Z"
      fill="var(--echoes-logos-colors-brand)"
    />
    <path
      d="M90.32 63.612h5.233v1.632H90.32V70.5h-1.632v-5.256h-5.232v-1.632h5.232v-5.256h1.632v5.256Z"
      fill="var(--echoes-color-text-subdued)"
    />
    <path
      d="M143.924 97H98.255l16.042-70H163c8.284 0 15 6.716 15 15v40c0 8.284-6.716 15-15 15h-19.076Z"
      stroke="var(--echoes-color-border-weak)"
      stroke-width="2"
    />
    <g
      clip-path="url(#sqcireq)"
      fill="var(--echoes-logos-colors-brand)"
    >
      <path
        d="M165.273 63.54a1.54 1.54 0 0 1-1.539-1.54c0-11.433-9.301-20.733-20.734-20.733a1.54 1.54 0 0 1 0-3.079c13.131 0 23.813 10.682 23.813 23.812 0 .85-.69 1.54-1.539 1.54h-.001ZM142.999 85.812c-13.13 0-23.811-10.681-23.811-23.812a1.54 1.54 0 1 1 3.078 0c0 11.433 9.3 20.733 20.733 20.733a1.54 1.54 0 0 1 0 3.079ZM149.682 63.54a1.54 1.54 0 0 1-1.54-1.54A5.147 5.147 0 0 0 143 56.859a1.54 1.54 0 0 1 0-3.079c4.534 0 8.222 3.688 8.222 8.22 0 .851-.69 1.54-1.54 1.54ZM142.999 70.222c-4.533 0-8.221-3.688-8.221-8.222a1.54 1.54 0 0 1 3.079 0 5.147 5.147 0 0 0 5.141 5.142 1.54 1.54 0 0 1 0 3.079h.001Z"
      />
      <path
        d="M157.477 63.54c-.85 0-1.54-.69-1.54-1.54 0-7.133-5.804-12.937-12.938-12.937a1.54 1.54 0 0 1 0-3.078c8.832 0 16.017 7.185 16.017 16.016 0 .85-.69 1.54-1.539 1.54v-.002ZM142.999 78.017c-8.831 0-16.016-7.185-16.016-16.017a1.54 1.54 0 0 1 3.079 0c0 7.134 5.804 12.938 12.936 12.938a1.54 1.54 0 0 1 0 3.08h.001Z"
      />
    </g>
    <defs>
      <clippath
        id="sqcireq"
      >
        <path
          d="M0 0h48v48H0z"
          fill="#fff"
          transform="translate(119 38)"
        />
      </clippath>
    </defs>
  </svg>
</div>
`;

exports[`should render enterprise edition (variant connected true) correctly 1`] = `
<div>
  <svg
    aria-hidden="true"
    fill="none"
    height="98"
    viewBox="0 0 179 98"
    width="179"
    xmlns="http://www.w3.org/2000/svg"
  >
    <path
      clip-rule="evenodd"
      d="M72.005 26h-50.01c-8.836 0-16 7.163-16 16v40c0 8.837 7.164 16 16 16h135c8.837 0 16-7.163 16-16V42c0-8.837-7.163-16-16-16h-57.4l-2 2h59.4c7.732 0 14 6.268 14 14v40c0 7.732-6.268 14-14 14h-135c-7.732 0-14-6.268-14-14V42c0-7.732 6.268-14 14-14h52.01l-2-2Z"
      fill="var(--echoes-color-icon-success)"
      fill-rule="evenodd"
    />
    <path
      d="M66.545 64.34c0 1.08-1.23 1.71-2.1 1.08-.96-.72-1.56-1.86-2.04-2.76-.66-1.26-1.14-2.01-1.74-2.01-.6 0-1.05.75-1.74 2.01-.78 1.47-1.86 3.48-4.14 3.48-2.28 0-3.36-2.01-4.14-3.48-.66-1.26-1.11-2.01-1.74-2.01-.63 0-1.05.75-1.71 2.01-.78 1.47-1.86 3.48-4.14 3.48-2.28 0-3.36-2.01-4.14-3.48-.66-1.26-1.11-2.01-1.71-2.01-.6 0-1.05.75-1.71 2.01-.78 1.47-1.86 3.48-4.14 3.48-2.28 0-3.36-2.01-4.14-3.48-.48-.87-.84-1.53-1.2-1.83-.3-.24-.51-.57-.51-.96v-.21c0-1.08 1.23-1.71 2.1-1.08.96.72 1.56 1.86 2.04 2.76.66 1.26 1.11 2.01 1.71 2.01.6 0 1.05-.75 1.71-2.01.78-1.47 1.86-3.48 4.14-3.48 2.28 0 3.36 2.01 4.14 3.48.66 1.26 1.11 2.01 1.74 2.01.63 0 1.05-.75 1.71-2.01.78-1.47 1.86-3.48 4.14-3.48 2.28 0 3.36 2.01 4.14 3.48.66 1.26 1.11 2.01 1.74 2.01.63 0 1.05-.75 1.74-2.01.78-1.47 1.86-3.48 4.14-3.48 2.28 0 3.36 2.01 4.14 3.48.48.87.84 1.53 1.23 1.83.3.24.51.57.51.96v.21h-.03ZM46.355 83.18c-4.95 0-9.66-1.71-13.47-4.83-.6-.51-.66-1.44-.12-2.01.51-.54 1.32-.57 1.86-.12 3.42 2.85 7.71 4.32 12.21 4.2 4.5-.12 8.7-1.83 11.97-4.83.54-.48 1.35-.48 1.86 0 .57.54.57 1.47 0 2.01-3.75 3.48-8.61 5.43-13.77 5.58h-.57.03ZM32.045 48.41c-.57-.54-.57-1.47 0-2.01 3.87-3.57 8.79-5.43 13.77-5.55 4.98-.12 9.96 1.47 14.04 4.83.6.51.66 1.44.12 2.01-.51.51-1.32.57-1.86.12-3.51-2.88-7.8-4.29-12.09-4.2-4.29.09-8.67 1.71-12.09 4.83-.54.48-1.35.48-1.86 0l-.03-.03Z"
      fill="var(--echoes-logos-colors-brand)"
    />
    <path
      d="M90.316 63.612h5.232v1.632h-5.232V70.5h-1.632v-5.256h-5.232v-1.632h5.232v-5.256h1.632v5.256Z"
      fill="var(--echoes-color-text-subdued)"
    />
    <g
      clip-path="url(#sqciok)"
      fill="var(--echoes-logos-colors-brand)"
    >
      <path
        d="M155.268 63.54a1.54 1.54 0 0 1-1.539-1.54c0-11.433-9.301-20.733-20.734-20.733a1.54 1.54 0 0 1 0-3.079c13.131 0 23.814 10.682 23.814 23.812 0 .85-.69 1.54-1.54 1.54h-.001ZM132.994 85.812c-13.129 0-23.811-10.681-23.811-23.812a1.54 1.54 0 0 1 3.079 0c0 11.433 9.3 20.733 20.732 20.733a1.54 1.54 0 1 1 0 3.079ZM139.677 63.54c-.85 0-1.54-.69-1.54-1.54a5.147 5.147 0 0 0-5.142-5.141 1.54 1.54 0 0 1 0-3.079c4.534 0 8.222 3.688 8.222 8.22 0 .851-.69 1.54-1.539 1.54h-.001ZM132.994 70.222c-4.532 0-8.221-3.688-8.221-8.222a1.54 1.54 0 0 1 3.079 0 5.147 5.147 0 0 0 5.141 5.142 1.54 1.54 0 1 1 0 3.079h.001Z"
      />
      <path
        d="M147.472 63.54a1.54 1.54 0 0 1-1.539-1.54c0-7.133-5.804-12.937-12.939-12.937a1.54 1.54 0 0 1 0-3.078c8.833 0 16.018 7.185 16.018 16.016 0 .85-.69 1.54-1.54 1.54v-.002ZM132.994 78.017c-8.831 0-16.016-7.185-16.016-16.017a1.54 1.54 0 0 1 3.079 0c0 7.134 5.804 12.938 12.936 12.938a1.54 1.54 0 1 1 0 3.08h.001Z"
      />
    </g>
    <path
      d="M110.658 4.837a2.861 2.861 0 0 1 0 4.044L87.804 31.736a2.861 2.861 0 0 1-4.044 0L72.332 20.308a2.861 2.861 0 0 1 0-4.044 2.861 2.861 0 0 1 4.044 0l9.41 9.401 20.837-20.828a2.86 2.86 0 0 1 4.044 0h-.009Z"
      fill="var(--echoes-color-icon-success)"
    />
    <defs>
      <clippath
        id="sqciok"
      >
        <path
          d="M0 0h48v48H0z"
          fill="#fff"
          transform="translate(108.995 38)"
        />
      </clippath>
    </defs>
  </svg>
</div>
`;
