// Jest Snapshot v1, https://goo.gl/fbAQLP

exports[`should follow and complete all steps: .NET: bitbucket-pipelines.yml 1`] = `
"image: mcr.microsoft.com/dotnet/sdk:7.0

definitions:
  steps:
    - step: &build-step
        name: SonarQube analysis
        caches:
          - dotnetcore
          - sonar
        script:
          - dotnet tool install --global dotnet-sonarscanner
          - export PATH="$PATH:/root/.dotnet/tools"
          - dotnet sonarscanner begin /k:"my-project" /d:"sonar.token=\${SONAR_TOKEN}"  /d:"sonar.host.url=\${SONAR_HOST_URL}"
          - dotnet build 
          - dotnet sonarscanner end /d:"sonar.token=\${SONAR_TOKEN}"
  caches:
    sonar: ~/.sonar

pipelines:
  branches:
    '{main}':
      - step: *build-step

  pull-requests:
    '**':
      - step: *build-step"
`;

exports[`should follow and complete all steps: C++ (automatic) and other: .github/workflows/build.yml 1`] = `
"definitions:
  steps:
    - step: &build-step
        name: SonarQube analysis
        script:
          - pipe: sonarsource/sonarqube-scan:3.0.2
            variables:
              SONAR_HOST_URL: \${SONAR_HOST_URL} # Get the value from the repository/workspace variable.
              SONAR_TOKEN: \${SONAR_TOKEN} # Get the value from the repository/workspace variable. You shouldn't set secret in clear text here.
  caches:
    sonar: ~/.sonar

clone:
  depth: full

pipelines:
  branches:
    '{main}':
      - step: *build-step

  pull-requests:
    '**':
      - step: *build-step
"
`;

exports[`should follow and complete all steps: C++ (automatic) and other: bitbucket-pipelines.yml 1`] = `
"definitions:
  steps:
    - step: &build-step
        name: SonarQube analysis
        script:
          - pipe: sonarsource/sonarqube-scan:3.0.2
            variables:
              SONAR_HOST_URL: \${SONAR_HOST_URL} # Get the value from the repository/workspace variable.
              SONAR_TOKEN: \${SONAR_TOKEN} # Get the value from the repository/workspace variable. You shouldn't set secret in clear text here.
  caches:
    sonar: ~/.sonar

clone:
  depth: full

pipelines:
  branches:
    '{main}':
      - step: *build-step

  pull-requests:
    '**':
      - step: *build-step
"
`;

exports[`should follow and complete all steps: C++ (automatic) and other: sonar-project.properties 1`] = `"sonar.projectKey=my-project"`;

exports[`should follow and complete all steps: C++ (automatic) and other: sonar-project.properties 2`] = `"sonar.projectKey=my-project"`;

exports[`should follow and complete all steps: C++ (manual arm64) and Objective-C: bitbucket-pipelines.yml 1`] = `
"image: <image ready for your build toolchain>

definitions:
  steps:
    - step: &build-step
        name: Build the project, and run the SonarQube analysis
        script:
          - export SONAR_SCANNER_VERSION=6.2.0.4584
          - mkdir $HOME/.sonar
          - curl -sSLo $HOME/.sonar/build-wrapper-linux-aarch64.zip \${SONAR_HOST_URL}/static/cpp/build-wrapper-linux-aarch64.zip
          - unzip -o $HOME/.sonar/build-wrapper-linux-aarch64.zip -d $HOME/.sonar/
          - curl -sSLo $HOME/.sonar/sonar-scanner.zip https://binaries.sonarsource.com/Distribution/sonar-scanner-cli/sonar-scanner-cli-\${SONAR_SCANNER_VERSION}-linux-aarch64.zip
          - unzip -o $HOME/.sonar/sonar-scanner.zip -d $HOME/.sonar/
          - export PATH="$PATH:$HOME/.sonar/sonar-scanner-\${SONAR_SCANNER_VERSION}-linux-aarch64/bin"
          - <any step required before running your build, like ./configure>
          - $HOME/.sonar/build-wrapper-linux-aarch64/build-wrapper-linux-aarch64 --out-dir bw-output <your clean build command>
          - sonar-scanner -Dsonar.cfamily.compile-commands=bw-output/compile_commands.json  
  caches:
    sonar: ~/.sonar

clone:
  depth: full

pipelines:
  branches:
    '{main}':
      - step: *build-step

  pull-requests:
    '**':
      - step: *build-step"
`;

exports[`should follow and complete all steps: C++ (manual arm64) and Objective-C: bitbucket-pipelines.yml 2`] = `"sonar.projectKey=my-project"`;

exports[`should follow and complete all steps: C++ (manual arm64) and Objective-C: sonar-project.properties 1`] = `"sonar.projectKey=my-project"`;

exports[`should follow and complete all steps: C++ (manual arm64) and Objective-C: sonar-project.properties 2`] = `
"image: <image ready for your build toolchain>

definitions:
  steps:
    - step: &build-step
        name: Build the project, and run the SonarQube analysis
        script:
          - export SONAR_SCANNER_VERSION=6.2.0.4584
          - mkdir $HOME/.sonar
          - curl -sSLo $HOME/.sonar/build-wrapper-linux-aarch64.zip \${SONAR_HOST_URL}/static/cpp/build-wrapper-linux-aarch64.zip
          - unzip -o $HOME/.sonar/build-wrapper-linux-aarch64.zip -d $HOME/.sonar/
          - curl -sSLo $HOME/.sonar/sonar-scanner.zip https://binaries.sonarsource.com/Distribution/sonar-scanner-cli/sonar-scanner-cli-\${SONAR_SCANNER_VERSION}-linux-aarch64.zip
          - unzip -o $HOME/.sonar/sonar-scanner.zip -d $HOME/.sonar/
          - export PATH="$PATH:$HOME/.sonar/sonar-scanner-\${SONAR_SCANNER_VERSION}-linux-aarch64/bin"
          - <any step required before running your build, like ./configure>
          - $HOME/.sonar/build-wrapper-linux-aarch64/build-wrapper-linux-aarch64 --out-dir bw-output <your clean build command>
          - sonar-scanner -Dsonar.cfamily.compile-commands=bw-output/compile_commands.json  
  caches:
    sonar: ~/.sonar

clone:
  depth: full

pipelines:
  branches:
    '{main}':
      - step: *build-step

  pull-requests:
    '**':
      - step: *build-step"
`;

exports[`should follow and complete all steps: C++ (manual) and Objective-C: bitbucket-pipelines.yml 1`] = `
"image: <image ready for your build toolchain>

definitions:
  steps:
    - step: &build-step
        name: Build the project, and run the SonarQube analysis
        script:
          - export SONAR_SCANNER_VERSION=6.2.0.4584
          - mkdir $HOME/.sonar
          - curl -sSLo $HOME/.sonar/build-wrapper-linux-x86.zip \${SONAR_HOST_URL}/static/cpp/build-wrapper-linux-x86.zip
          - unzip -o $HOME/.sonar/build-wrapper-linux-x86.zip -d $HOME/.sonar/
          - curl -sSLo $HOME/.sonar/sonar-scanner.zip https://binaries.sonarsource.com/Distribution/sonar-scanner-cli/sonar-scanner-cli-\${SONAR_SCANNER_VERSION}-linux-x64.zip
          - unzip -o $HOME/.sonar/sonar-scanner.zip -d $HOME/.sonar/
          - export PATH="$PATH:$HOME/.sonar/sonar-scanner-\${SONAR_SCANNER_VERSION}-linux-x64/bin"
          - <any step required before running your build, like ./configure>
          - $HOME/.sonar/build-wrapper-linux-x86/build-wrapper-linux-x86-64 --out-dir bw-output <your clean build command>
          - sonar-scanner -Dsonar.cfamily.compile-commands=bw-output/compile_commands.json  
  caches:
    sonar: ~/.sonar

clone:
  depth: full

pipelines:
  branches:
    '{main}':
      - step: *build-step

  pull-requests:
    '**':
      - step: *build-step"
`;

exports[`should follow and complete all steps: C++ (manual) and Objective-C: bitbucket-pipelines.yml 2`] = `"sonar.projectKey=my-project"`;

exports[`should follow and complete all steps: C++ (manual) and Objective-C: sonar-project.properties 1`] = `"sonar.projectKey=my-project"`;

exports[`should follow and complete all steps: C++ (manual) and Objective-C: sonar-project.properties 2`] = `
"image: <image ready for your build toolchain>

definitions:
  steps:
    - step: &build-step
        name: Build the project, and run the SonarQube analysis
        script:
          - export SONAR_SCANNER_VERSION=6.2.0.4584
          - mkdir $HOME/.sonar
          - curl -sSLo $HOME/.sonar/build-wrapper-linux-x86.zip \${SONAR_HOST_URL}/static/cpp/build-wrapper-linux-x86.zip
          - unzip -o $HOME/.sonar/build-wrapper-linux-x86.zip -d $HOME/.sonar/
          - curl -sSLo $HOME/.sonar/sonar-scanner.zip https://binaries.sonarsource.com/Distribution/sonar-scanner-cli/sonar-scanner-cli-\${SONAR_SCANNER_VERSION}-linux-x64.zip
          - unzip -o $HOME/.sonar/sonar-scanner.zip -d $HOME/.sonar/
          - export PATH="$PATH:$HOME/.sonar/sonar-scanner-\${SONAR_SCANNER_VERSION}-linux-x64/bin"
          - <any step required before running your build, like ./configure>
          - $HOME/.sonar/build-wrapper-linux-x86/build-wrapper-linux-x86-64 --out-dir bw-output <your clean build command>
          - sonar-scanner -Dsonar.cfamily.compile-commands=bw-output/compile_commands.json  
  caches:
    sonar: ~/.sonar

clone:
  depth: full

pipelines:
  branches:
    '{main}':
      - step: *build-step

  pull-requests:
    '**':
      - step: *build-step"
`;

exports[`should follow and complete all steps: Dart: bitbucket-pipelines.yml 1`] = `
"image: ghcr.io/cirruslabs/flutter:stable

definitions:
  steps:
    - step: &build-step
        name: Build the project, and run the SonarQube analysis
        script:
          - <commands to build your project>
          - export SONAR_SCANNER_VERSION=6.2.0.4584
          - mkdir $HOME/.sonar
          - curl -sSLo $HOME/.sonar/sonar-scanner.zip https://binaries.sonarsource.com/Distribution/sonar-scanner-cli/sonar-scanner-cli-\${SONAR_SCANNER_VERSION}-linux-x64.zip
          - unzip -o $HOME/.sonar/sonar-scanner.zip -d $HOME/.sonar/
          - export PATH="$PATH:$HOME/.sonar/sonar-scanner-\${SONAR_SCANNER_VERSION}-linux-x64/bin"
          - sonar-scanner
  caches:
    sonar: ~/.sonar

clone:
  depth: full

pipelines:
  branches:
    '{main}':
      - step: *build-step

  pull-requests:
    '**':
      - step: *build-step"
`;

exports[`should follow and complete all steps: Dart: sonar-project.properties 1`] = `"sonar.projectKey=my-project"`;

exports[`should follow and complete all steps: Gradle: bitbucket-pipelines.yml 1`] = `
"image: eclipse-temurin:17

definitions:
  steps:
    - step: &build-step
        name: SonarQube analysis
        caches:
          - gradle
          - sonar
        script:
          - bash ./gradlew sonar
  caches:
    sonar: ~/.sonar

clone:
  depth: full
  
pipelines:
  branches:
    '{main}':
      - step: *build-step

  pull-requests:
    '**':
      - step: *build-step"
`;

exports[`should follow and complete all steps: Groovy: build.gradle 1`] = `
"plugins {
  id "org.sonarqube" version "6.0.1.5171"
}

sonar {
  properties {
    property "sonar.projectKey", "my-project"
    property "sonar.projectName", "MyProject"
  }
}"
`;

exports[`should follow and complete all steps: Kotlin: build.gradle.kts 1`] = `
"plugins {
  id("org.sonarqube") version "6.0.1.5171"
}
    
sonar {
  properties {
    property("sonar.projectKey", "my-project")
    property("sonar.projectName", "MyProject")
  }
}"
`;

exports[`should follow and complete all steps: Maven: bitbucket-pipelines.yml 1`] = `
"image: maven:3-eclipse-temurin-17

definitions:
  steps:
    - step: &build-step
        name: SonarQube analysis
        caches:
          - maven
          - sonar
        script:
          - mvn verify org.sonarsource.scanner.maven:sonar-maven-plugin:sonar -Dsonar.projectKey=my-project -Dsonar.projectName='MyProject'
  caches:
    sonar: ~/.sonar

clone:
  depth: full
  
pipelines:
  branches:
    '{main}':
      - step: *build-step

  pull-requests:
    '**':
      - step: *build-step"
`;

exports[`should follow and complete all steps: sonar token key 1`] = `"SONAR_TOKEN"`;

exports[`should follow and complete all steps: sonarqube host url key 1`] = `"SONAR_HOST_URL"`;

exports[`should follow and complete all steps: sonarqube host url value 1`] = `"http://localhost:9000"`;
